[plan] TESLA_MODEL_3: 1025 segments
[  25/1025] ok=25 skip=0 err=0 total=42.5 MB (18.5 MB/s, 2s)
[  50/1025] ok=50 skip=0 err=0 total=88.8 MB (21.1 MB/s, 4s)
[  75/1025] ok=75 skip=0 err=0 total=130.2 MB (21.0 MB/s, 6s)
[ 100/1025] ok=100 skip=0 err=0 total=177.0 MB (22.8 MB/s, 8s)
[ 125/1025] ok=125 skip=0 err=0 total=219.3 MB (22.5 MB/s, 10s)
[ 150/1025] ok=150 skip=0 err=0 total=262.9 MB (23.2 MB/s, 11s)
[ 175/1025] ok=175 skip=0 err=0 total=310.1 MB (23.5 MB/s, 13s)
[ 200/1025] ok=200 skip=0 err=0 total=353.7 MB (23.3 MB/s, 15s)
[ 225/1025] ok=225 skip=0 err=0 total=399.9 MB (23.8 MB/s, 17s)
[ 250/1025] ok=250 skip=0 err=0 total=445.0 MB (23.8 MB/s, 19s)
[ 275/1025] ok=275 skip=0 err=0 total=492.4 MB (24.3 MB/s, 20s)
[ 300/1025] ok=300 skip=0 err=0 total=541.4 MB (24.4 MB/s, 22s)
[ 325/1025] ok=325 skip=0 err=0 total=581.9 MB (24.6 MB/s, 24s)
[ 350/1025] ok=350 skip=0 err=0 total=631.4 MB (24.6 MB/s, 26s)
[ 375/1025] ok=375 skip=0 err=0 total=675.7 MB (24.8 MB/s, 27s)
[ 400/1025] ok=400 skip=0 err=0 total=720.5 MB (24.7 MB/s, 29s)
[ 425/1025] ok=425 skip=0 err=0 total=763.0 MB (24.8 MB/s, 31s)
[ 450/1025] ok=450 skip=0 err=0 total=807.6 MB (24.9 MB/s, 32s)
[ 475/1025] ok=475 skip=0 err=0 total=857.2 MB (25.2 MB/s, 34s)
[ 500/1025] ok=500 skip=0 err=0 total=895.3 MB (24.9 MB/s, 36s)
[ 525/1025] ok=525 skip=0 err=0 total=938.4 MB (25.0 MB/s, 38s)
[ 550/1025] ok=550 skip=0 err=0 total=984.7 MB (25.1 MB/s, 39s)
[ 575/1025] ok=575 skip=0 err=0 total=1029.8 MB (25.2 MB/s, 41s)
[ 600/1025] ok=600 skip=0 err=0 total=1073.5 MB (25.3 MB/s, 43s)
[ 625/1025] ok=625 skip=0 err=0 total=1113.7 MB (25.1 MB/s, 44s)
[ 650/1025] ok=650 skip=0 err=0 total=1164.8 MB (25.3 MB/s, 46s)
[ 675/1025] ok=675 skip=0 err=0 total=1212.6 MB (25.5 MB/s, 48s)
[ 700/1025] ok=700 skip=0 err=0 total=1254.3 MB (25.5 MB/s, 49s)
[ 725/1025] ok=725 skip=0 err=0 total=1297.4 MB (25.5 MB/s, 51s)
[ 750/1025] ok=750 skip=0 err=0 total=1347.4 MB (25.6 MB/s, 53s)
[ 775/1025] ok=775 skip=0 err=0 total=1394.8 MB (25.7 MB/s, 54s)
[ 800/1025] ok=800 skip=0 err=0 total=1436.1 MB (25.6 MB/s, 56s)
[ 825/1025] ok=825 skip=0 err=0 total=1484.9 MB (25.7 MB/s, 58s)
[ 850/1025] ok=850 skip=0 err=0 total=1528.8 MB (25.7 MB/s, 60s)
[ 875/1025] ok=875 skip=0 err=0 total=1569.9 MB (25.6 MB/s, 61s)
[ 900/1025] ok=900 skip=0 err=0 total=1617.5 MB (25.8 MB/s, 63s)
[ 925/1025] ok=925 skip=0 err=0 total=1656.3 MB (25.7 MB/s, 64s)
[ 950/1025] ok=950 skip=0 err=0 total=1700.4 MB (25.8 MB/s, 66s)
[ 975/1025] ok=975 skip=0 err=0 total=1744.1 MB (25.8 MB/s, 68s)
[1000/1025] ok=1000 skip=0 err=0 total=1786.3 MB (25.7 MB/s, 69s)
[1025/1025] ok=1025 skip=0 err=0 total=1827.5 MB (25.7 MB/s, 71s)

[done] ok=1025 skip=0 err=0  total=1827.5 MB  elapsed=71s
